<ul>
  <a target="_blank" download="" href="/assets/documents/CM.pdf">Télécharger le modèle de certificat médical</a>
</ul>
