<p>
	<h5>Quels type des documents ?</h5>
	<p>le modèle specifique de votre MDPH</p>
	<h5>Comment obtenir les documents ?</h5>
	<ul class="list-unstyled list-inline">
	  <li>
		<a target="_blank" download="" href="/assets/documents/CM.pdf">Télécharger le modele de la MDPH 17</a>
	  </li>
	  <li>
		<a target="_blank" download="" href="/assets/documents/cerfa_13878-01.pdf">Télécharger le modele de la MDPH 54</a>
	  </li>
	</ul>
</p>
