<p>
	<h5>Exemple de documents :</h5>
	<ul class="list-unstyled list-inline">
	  <li>
		<a target="_blank" download="" href="/assets/documents/gevasco_1redemande.pdf">Première demande</a>
	  </li>
	  <li>
		<a target="_blank" download="" href="/assets/documents/gevasco_reexamen.pdf">Réexamen</a>
	  </li>
	</ul>
</p>
