<ul>
  <li>
    <a target="_blank" download="" href="/assets/documents/gevasco_1redemande.pdf">Première demande</a>
  </li>
  <li>
    <a target="_blank" download="" href="/assets/documents/gevasco_reexamen.pdf">Ré-examen</a>
  </li>
</ul>
